// Jest Snapshot v1, https://goo.gl/fbAQLP

exports[`component renders as expected 1`] = `
<div>
  <button
    className="btn btn-default pull-right"
    onClick={[Function]}
  >
    Expand All
  </button>
  <table
    className="table table-bordered"
  >
    <thead>
      <tr>
        <th>
          fred1
        </th>
        <th>
          fred2
        </th>
        <th>
          fred3
        </th>
        <th>
          fred4
        </th>
      </tr>
    </thead>
    <tbody>
      <tr
        className="shown"
      >
        <td
          width="25%"
        >
          <span
            style={
              Object {
                "marginLeft": "1em",
              }
            }
          >
            <svg
              aria-hidden="true"
              className="svg-inline--fa fa-angle-right fa-w-8 fa-fw "
              data-icon="angle-right"
              data-prefix="fas"
              onClick={[Function]}
              role="img"
              style={Object {}}
              viewBox="0 0 256 512"
              xmlns="http://www.w3.org/2000/svg"
            >
              <path
                d="M224.3 273l-136 136c-9.4 9.4-24.6 9.4-33.9 0l-22.6-22.6c-9.4-9.4-9.4-24.6 0-33.9l96.4-96.4-96.4-96.4c-9.4-9.4-9.4-24.6 0-33.9L54.3 103c9.4-9.4 24.6-9.4 33.9 0l136 136c9.5 9.4 9.5 24.6.1 34z"
                fill="currentColor"
                style={Object {}}
              />
            </svg>
            <span
              className="iconPadding"
            >
              name0
            </span>
          </span>
        </td>
        <td
          width="10%"
        >
          string0
        </td>
        <td
          width="25%"
        >
          ex0
        </td>
        <td
          width="40%"
        >
          desc0
        </td>
      </tr>
      <tr
        className="hidden"
      >
        <td
          width="25%"
        >
          <span
            style={
              Object {
                "marginLeft": "3.25em",
              }
            }
          >
            <span
              className="iconPadding"
            >
              name0-0
            </span>
          </span>
        </td>
        <td
          width="10%"
        >
          string0-0
        </td>
        <td
          width="25%"
        >
          ex0-0
        </td>
        <td
          width="40%"
        >
          desc0-0
        </td>
      </tr>
      <tr
        className="hidden"
      >
        <td
          width="25%"
        >
          <span
            style={
              Object {
                "marginLeft": "3.25em",
              }
            }
          >
            <span
              className="iconPadding"
            >
              name0-1
            </span>
          </span>
        </td>
        <td
          width="10%"
        >
          string0-1
        </td>
        <td
          width="25%"
        >
          ex0-1
        </td>
        <td
          width="40%"
        >
          desc0-1
        </td>
      </tr>
      <tr
        className="hidden"
      >
        <td
          width="25%"
        >
          <span
            style={
              Object {
                "marginLeft": "2em",
              }
            }
          >
            <svg
              aria-hidden="true"
              className="svg-inline--fa fa-angle-right fa-w-8 fa-fw "
              data-icon="angle-right"
              data-prefix="fas"
              onClick={[Function]}
              role="img"
              style={Object {}}
              viewBox="0 0 256 512"
              xmlns="http://www.w3.org/2000/svg"
            >
              <path
                d="M224.3 273l-136 136c-9.4 9.4-24.6 9.4-33.9 0l-22.6-22.6c-9.4-9.4-9.4-24.6 0-33.9l96.4-96.4-96.4-96.4c-9.4-9.4-9.4-24.6 0-33.9L54.3 103c9.4-9.4 24.6-9.4 33.9 0l136 136c9.5 9.4 9.5 24.6.1 34z"
                fill="currentColor"
                style={Object {}}
              />
            </svg>
            <span
              className="iconPadding"
            >
              name0-2
            </span>
          </span>
        </td>
        <td
          width="10%"
        >
          string0-2
        </td>
        <td
          width="25%"
        >
          ex0-2
        </td>
        <td
          width="40%"
        >
          desc0-2
        </td>
      </tr>
      <tr
        className="hidden"
      >
        <td
          width="25%"
        >
          <span
            style={
              Object {
                "marginLeft": "4.25em",
              }
            }
          >
            <span
              className="iconPadding"
            >
              name0-2-1
            </span>
          </span>
        </td>
        <td
          width="10%"
        >
          string0-2-1
        </td>
        <td
          width="25%"
        >
          ex0-2-1
        </td>
        <td
          width="40%"
        >
          desc0-2-1
        </td>
      </tr>
      <tr
        className="shown"
      >
        <td
          width="25%"
        >
          <span
            style={
              Object {
                "marginLeft": "2.25em",
              }
            }
          >
            <span
              className="iconPadding"
            >
              name1
            </span>
          </span>
        </td>
        <td
          width="10%"
        >
          string1
        </td>
        <td
          width="25%"
        >
          ex1
        </td>
        <td
          width="40%"
        >
          desc1
        </td>
      </tr>
      <tr
        className="shown"
      >
        <td
          width="25%"
        >
          <span
            style={
              Object {
                "marginLeft": "2.25em",
              }
            }
          >
            <span
              className="iconPadding"
            >
              name2
            </span>
          </span>
        </td>
        <td
          width="10%"
        >
          string2
        </td>
        <td
          width="25%"
        >
          ex2
        </td>
        <td
          width="40%"
        >
          desc2
        </td>
      </tr>
    </tbody>
  </table>
</div>
`;
